             VMA              LMA     Size Align Out     In      Symbol
               0                0     8000     1 . = 0x8000
            8000             8000       8c     4 .text
            8000             8000        8     1         /tmp/crt0-25f275.o:(.text.crt0)
            8000             8000        0     1                 $x
            8000             8000        0     1                 _start
            8008             8008        0     4         /tmp/crt0-25f275.o:(.text)
            8008             8008       84     4         /tmp/main-627a46.o:(.text)
            8008             8008        0     1                 $x
            8008             8008        0     1                 main
            8084             8084        0     1                 fail
            808c             808c      f74     1 . = 0x9000
            9000             9000       10     1 .rodata
            9000             9000       10     1         /tmp/main-627a46.o:(.rodata)
            9000             9000        0     1                 descriptor_header
            9000             9000        0     1                 $d
               0                0       31     1 .riscv.attributes
               0                0       31     1         <internal>:(.riscv.attributes)
               0                0      2d0     8 .symtab
               0                0      2d0     8         <internal>:(.symtab)
               0                0       3b     1 .shstrtab
               0                0       3b     1         <internal>:(.shstrtab)
               0                0      199     1 .strtab
               0                0      199     1         <internal>:(.strtab)
